// Jest Snapshot v1, https://goo.gl/fbAQLP

exports[`add movie should show from 1`] = `"<form><h1>Add a new movie</h1><div><label><strong>Title: </strong><input value=\\"\\"></label></div><div><label><strong>Year:</strong><input value=\\"\\"></label></div><div><label><strong>Country:</strong><input value=\\"\\"></label></div><div><label><strong>Plot:</strong><input value=\\"\\"></label></div><button>Save</button></form>"`;
