// Jest Snapshot v1, https://goo.gl/fbAQLP

exports[`Chat application should show chats 1`] = `"<header>Kristiania Chat</header><main><div><strong>:</strong> message 1</div><div><strong>:</strong> message 2</div></main><footer><form><input value=\\"\\"><button>Send</button></form></footer>"`;
