// Jest Snapshot v1, https://goo.gl/fbAQLP

exports[`list movies should movie list 1`] = `"<div><h1>Movies from mFlix</h1><div><form><label>Country:<input id=\\"country-query\\" value=\\"\\"><button>Filter</button></label></form></div><h3>My movie</h3><img src=\\"https://example.com/poster1.jpg\\" width=\\"100\\" alt=\\"Movie poster\\"><div>Something happens</div><h3>My other movie</h3><img src=\\"https://example.com/void1.jpg\\" width=\\"100\\" alt=\\"Movie poster\\"><div>Nothing happens</div></div>"`;

exports[`list movies should show error message 1`] = `"<div class=\\"error-message\\"><h1>Error</h1><div>Error: Failed to fetch</div></div>"`;

exports[`list movies should show loading screen 1`] = `"<div class=\\"loading-indicator\\">Loading...</div>"`;
