// Jest Snapshot v1, https://goo.gl/fbAQLP

exports[`Quiz Application shows quiz 1`] = `"<h1>Here is a question</h1>"`;
